╰── Program "Program"
    ╰── Statements
        ├── StructStmt "struct Point"
        │   ├── Name: Point
        │   ╰── Fields
        │       ├── x: int
        │       ╰── y: int
        ╰── FuncStmt "fn distance(): int"
            ├── Name: distance
            ├── ReturnType: int
            ╰── Body
                ╰── ReturnStmt "return"
                    ╰── Value: 0
